// Jest Snapshot v1, https://goo.gl/fbAQLP

exports[`CONTROL should match snapshot 1`] = `
ShallowWrapper {
  "length": 1,
  Symbol(enzyme.__root__): [Circular],
  Symbol(enzyme.__unrendered__): <Control />,
  Symbol(enzyme.__renderer__): Object {
    "batchedUpdates": [Function],
    "getNode": [Function],
    "render": [Function],
    "simulateEvent": [Function],
    "unmount": [Function],
  },
  Symbol(enzyme.__node__): Object {
    "instance": null,
    "key": undefined,
    "nodeType": "host",
    "props": Object {
      "children": Array [
        <input
          className="Control-input Control-username"
          name="username"
          onChange={[Function]}
          placeholder="username"
          type="text"
          value=""
/>,
        <input
          className="Control-input Control-password"
          name="password"
          onChange={[Function]}
          placeholder="password"
          type="password"
          value=""
/>,
        <button
          className="login-btn"
          onClick={[Function]}
>
          Login
</button>,
      ],
      "className": "Control",
    },
    "ref": null,
    "rendered": Array [
      Object {
        "instance": null,
        "key": undefined,
        "nodeType": "host",
        "props": Object {
          "className": "Control-input Control-username",
          "name": "username",
          "onChange": [Function],
          "placeholder": "username",
          "type": "text",
          "value": "",
        },
        "ref": null,
        "rendered": null,
        "type": "input",
      },
      Object {
        "instance": null,
        "key": undefined,
        "nodeType": "host",
        "props": Object {
          "className": "Control-input Control-password",
          "name": "password",
          "onChange": [Function],
          "placeholder": "password",
          "type": "password",
          "value": "",
        },
        "ref": null,
        "rendered": null,
        "type": "input",
      },
      Object {
        "instance": null,
        "key": undefined,
        "nodeType": "host",
        "props": Object {
          "children": "Login",
          "className": "login-btn",
          "onClick": [Function],
        },
        "ref": null,
        "rendered": "Login",
        "type": "button",
      },
    ],
    "type": "form",
  },
  Symbol(enzyme.__nodes__): Array [
    Object {
      "instance": null,
      "key": undefined,
      "nodeType": "host",
      "props": Object {
        "children": Array [
          <input
            className="Control-input Control-username"
            name="username"
            onChange={[Function]}
            placeholder="username"
            type="text"
            value=""
/>,
          <input
            className="Control-input Control-password"
            name="password"
            onChange={[Function]}
            placeholder="password"
            type="password"
            value=""
/>,
          <button
            className="login-btn"
            onClick={[Function]}
>
            Login
</button>,
        ],
        "className": "Control",
      },
      "ref": null,
      "rendered": Array [
        Object {
          "instance": null,
          "key": undefined,
          "nodeType": "host",
          "props": Object {
            "className": "Control-input Control-username",
            "name": "username",
            "onChange": [Function],
            "placeholder": "username",
            "type": "text",
            "value": "",
          },
          "ref": null,
          "rendered": null,
          "type": "input",
        },
        Object {
          "instance": null,
          "key": undefined,
          "nodeType": "host",
          "props": Object {
            "className": "Control-input Control-password",
            "name": "password",
            "onChange": [Function],
            "placeholder": "password",
            "type": "password",
            "value": "",
          },
          "ref": null,
          "rendered": null,
          "type": "input",
        },
        Object {
          "instance": null,
          "key": undefined,
          "nodeType": "host",
          "props": Object {
            "children": "Login",
            "className": "login-btn",
            "onClick": [Function],
          },
          "ref": null,
          "rendered": "Login",
          "type": "button",
        },
      ],
      "type": "form",
    },
  ],
  Symbol(enzyme.__options__): Object {
    "adapter": ReactSixteenAdapter {
      "options": Object {
        "enableComponentDidUpdateOnSetState": true,
      },
    },
  },
}
`;
