// Jest Snapshot v1, https://goo.gl/fbAQLP

exports[`TEAM should match snapshot 1`] = `
ShallowWrapper {
  "length": 1,
  Symbol(enzyme.__root__): [Circular],
  Symbol(enzyme.__unrendered__): <Unknown
    team={
        Array [
            Object {
              "UID": "randomKey1",
              "name": "Felipe",
              "workoutTally": 6,
              "workoutsPosted": 2,
            },
            Object {
              "UID": "randomKey2",
              "name": "Fion",
              "workoutTally": 5,
              "workoutsPosted": 3,
            },
            Object {
              "UID": "randomKey3",
              "name": "Morgan",
              "workoutTally": 3,
              "workoutsPosted": 4,
            },
          ]
    }
/>,
  Symbol(enzyme.__renderer__): Object {
    "batchedUpdates": [Function],
    "getNode": [Function],
    "render": [Function],
    "simulateEvent": [Function],
    "unmount": [Function],
  },
  Symbol(enzyme.__node__): Object {
    "instance": null,
    "key": undefined,
    "nodeType": "host",
    "props": Object {
      "children": Array [
        <h3
          className="Team-header"
>
          Team Members
</h3>,
        Array [
          <Unknown
            UID="randomKey1"
            name="Felipe"
            workoutTally={6}
            workoutsPosted={2}
/>,
          <Unknown
            UID="randomKey2"
            name="Fion"
            workoutTally={5}
            workoutsPosted={3}
/>,
          <Unknown
            UID="randomKey3"
            name="Morgan"
            workoutTally={3}
            workoutsPosted={4}
/>,
        ],
      ],
      "className": "Team",
    },
    "ref": null,
    "rendered": Array [
      Object {
        "instance": null,
        "key": undefined,
        "nodeType": "host",
        "props": Object {
          "children": "Team Members",
          "className": "Team-header",
        },
        "ref": null,
        "rendered": "Team Members",
        "type": "h3",
      },
      Object {
        "instance": null,
        "key": "randomKey1",
        "nodeType": "function",
        "props": Object {
          "UID": "randomKey1",
          "name": "Felipe",
          "workoutTally": 6,
          "workoutsPosted": 2,
        },
        "ref": null,
        "rendered": null,
        "type": [Function],
      },
      Object {
        "instance": null,
        "key": "randomKey2",
        "nodeType": "function",
        "props": Object {
          "UID": "randomKey2",
          "name": "Fion",
          "workoutTally": 5,
          "workoutsPosted": 3,
        },
        "ref": null,
        "rendered": null,
        "type": [Function],
      },
      Object {
        "instance": null,
        "key": "randomKey3",
        "nodeType": "function",
        "props": Object {
          "UID": "randomKey3",
          "name": "Morgan",
          "workoutTally": 3,
          "workoutsPosted": 4,
        },
        "ref": null,
        "rendered": null,
        "type": [Function],
      },
    ],
    "type": "section",
  },
  Symbol(enzyme.__nodes__): Array [
    Object {
      "instance": null,
      "key": undefined,
      "nodeType": "host",
      "props": Object {
        "children": Array [
          <h3
            className="Team-header"
>
            Team Members
</h3>,
          Array [
            <Unknown
              UID="randomKey1"
              name="Felipe"
              workoutTally={6}
              workoutsPosted={2}
/>,
            <Unknown
              UID="randomKey2"
              name="Fion"
              workoutTally={5}
              workoutsPosted={3}
/>,
            <Unknown
              UID="randomKey3"
              name="Morgan"
              workoutTally={3}
              workoutsPosted={4}
/>,
          ],
        ],
        "className": "Team",
      },
      "ref": null,
      "rendered": Array [
        Object {
          "instance": null,
          "key": undefined,
          "nodeType": "host",
          "props": Object {
            "children": "Team Members",
            "className": "Team-header",
          },
          "ref": null,
          "rendered": "Team Members",
          "type": "h3",
        },
        Object {
          "instance": null,
          "key": "randomKey1",
          "nodeType": "function",
          "props": Object {
            "UID": "randomKey1",
            "name": "Felipe",
            "workoutTally": 6,
            "workoutsPosted": 2,
          },
          "ref": null,
          "rendered": null,
          "type": [Function],
        },
        Object {
          "instance": null,
          "key": "randomKey2",
          "nodeType": "function",
          "props": Object {
            "UID": "randomKey2",
            "name": "Fion",
            "workoutTally": 5,
            "workoutsPosted": 3,
          },
          "ref": null,
          "rendered": null,
          "type": [Function],
        },
        Object {
          "instance": null,
          "key": "randomKey3",
          "nodeType": "function",
          "props": Object {
            "UID": "randomKey3",
            "name": "Morgan",
            "workoutTally": 3,
            "workoutsPosted": 4,
          },
          "ref": null,
          "rendered": null,
          "type": [Function],
        },
      ],
      "type": "section",
    },
  ],
  Symbol(enzyme.__options__): Object {
    "adapter": ReactSixteenAdapter {
      "options": Object {
        "enableComponentDidUpdateOnSetState": true,
      },
    },
    "disableLifecycleMethods": true,
  },
}
`;
