// Jest Snapshot v1, https://goo.gl/fbAQLP

exports[`Welcome should match snapshot 1`] = `
ShallowWrapper {
  "length": 1,
  Symbol(enzyme.__root__): [Circular],
  Symbol(enzyme.__unrendered__): <Welcome />,
  Symbol(enzyme.__renderer__): Object {
    "batchedUpdates": [Function],
    "getNode": [Function],
    "render": [Function],
    "simulateEvent": [Function],
    "unmount": [Function],
  },
  Symbol(enzyme.__node__): Object {
    "instance": null,
    "key": undefined,
    "nodeType": "host",
    "props": Object {
      "children": Array [
        <h2
          className="fitfriends-text"
>
          <span
                    className="fitfriends-text-emphasis"
          >
                    Fit
          </span>
          Friends
</h2>,
        <div
          className="Welcome-container"
>
          <withRouter(Connect(Control)) />
          <div
                    className="welcome-signup"
          >
                    <h5>
                              New? Make an account:
                    </h5>
                    <NavLink
                              activeClassName="active"
                              ariaCurrent="true"
                              className="sign-up-link"
                              to="/signup"
                    >
                              <button
                                        className="sign-up-btn"
                              >
                                        Sign Up
                              </button>
                    </NavLink>
          </div>
</div>,
      ],
      "className": "Welcome",
    },
    "ref": null,
    "rendered": Array [
      Object {
        "instance": null,
        "key": undefined,
        "nodeType": "host",
        "props": Object {
          "children": Array [
            <span
              className="fitfriends-text-emphasis"
>
              Fit
</span>,
            "Friends",
          ],
          "className": "fitfriends-text",
        },
        "ref": null,
        "rendered": Array [
          Object {
            "instance": null,
            "key": undefined,
            "nodeType": "host",
            "props": Object {
              "children": "Fit",
              "className": "fitfriends-text-emphasis",
            },
            "ref": null,
            "rendered": "Fit",
            "type": "span",
          },
          "Friends",
        ],
        "type": "h2",
      },
      Object {
        "instance": null,
        "key": undefined,
        "nodeType": "host",
        "props": Object {
          "children": Array [
            <withRouter(Connect(Control)) />,
            <div
              className="welcome-signup"
>
              <h5>
                            New? Make an account:
              </h5>
              <NavLink
                            activeClassName="active"
                            ariaCurrent="true"
                            className="sign-up-link"
                            to="/signup"
              >
                            <button
                                          className="sign-up-btn"
                            >
                                          Sign Up
                            </button>
              </NavLink>
</div>,
          ],
          "className": "Welcome-container",
        },
        "ref": null,
        "rendered": Array [
          Object {
            "instance": null,
            "key": undefined,
            "nodeType": "function",
            "props": Object {},
            "ref": null,
            "rendered": null,
            "type": [Function],
          },
          Object {
            "instance": null,
            "key": undefined,
            "nodeType": "host",
            "props": Object {
              "children": Array [
                <h5>
                  New? Make an account:
</h5>,
                <NavLink
                  activeClassName="active"
                  ariaCurrent="true"
                  className="sign-up-link"
                  to="/signup"
>
                  <button
                                    className="sign-up-btn"
                  >
                                    Sign Up
                  </button>
</NavLink>,
              ],
              "className": "welcome-signup",
            },
            "ref": null,
            "rendered": Array [
              Object {
                "instance": null,
                "key": undefined,
                "nodeType": "host",
                "props": Object {
                  "children": "New? Make an account:",
                },
                "ref": null,
                "rendered": "New? Make an account:",
                "type": "h5",
              },
              Object {
                "instance": null,
                "key": undefined,
                "nodeType": "function",
                "props": Object {
                  "activeClassName": "active",
                  "ariaCurrent": "true",
                  "children": <button
                    className="sign-up-btn"
>
                    Sign Up
</button>,
                  "className": "sign-up-link",
                  "to": "/signup",
                },
                "ref": null,
                "rendered": Object {
                  "instance": null,
                  "key": undefined,
                  "nodeType": "host",
                  "props": Object {
                    "children": "Sign Up",
                    "className": "sign-up-btn",
                  },
                  "ref": null,
                  "rendered": "Sign Up",
                  "type": "button",
                },
                "type": [Function],
              },
            ],
            "type": "div",
          },
        ],
        "type": "div",
      },
    ],
    "type": "div",
  },
  Symbol(enzyme.__nodes__): Array [
    Object {
      "instance": null,
      "key": undefined,
      "nodeType": "host",
      "props": Object {
        "children": Array [
          <h2
            className="fitfriends-text"
>
            <span
                        className="fitfriends-text-emphasis"
            >
                        Fit
            </span>
            Friends
</h2>,
          <div
            className="Welcome-container"
>
            <withRouter(Connect(Control)) />
            <div
                        className="welcome-signup"
            >
                        <h5>
                                    New? Make an account:
                        </h5>
                        <NavLink
                                    activeClassName="active"
                                    ariaCurrent="true"
                                    className="sign-up-link"
                                    to="/signup"
                        >
                                    <button
                                                className="sign-up-btn"
                                    >
                                                Sign Up
                                    </button>
                        </NavLink>
            </div>
</div>,
        ],
        "className": "Welcome",
      },
      "ref": null,
      "rendered": Array [
        Object {
          "instance": null,
          "key": undefined,
          "nodeType": "host",
          "props": Object {
            "children": Array [
              <span
                className="fitfriends-text-emphasis"
>
                Fit
</span>,
              "Friends",
            ],
            "className": "fitfriends-text",
          },
          "ref": null,
          "rendered": Array [
            Object {
              "instance": null,
              "key": undefined,
              "nodeType": "host",
              "props": Object {
                "children": "Fit",
                "className": "fitfriends-text-emphasis",
              },
              "ref": null,
              "rendered": "Fit",
              "type": "span",
            },
            "Friends",
          ],
          "type": "h2",
        },
        Object {
          "instance": null,
          "key": undefined,
          "nodeType": "host",
          "props": Object {
            "children": Array [
              <withRouter(Connect(Control)) />,
              <div
                className="welcome-signup"
>
                <h5>
                                New? Make an account:
                </h5>
                <NavLink
                                activeClassName="active"
                                ariaCurrent="true"
                                className="sign-up-link"
                                to="/signup"
                >
                                <button
                                                className="sign-up-btn"
                                >
                                                Sign Up
                                </button>
                </NavLink>
</div>,
            ],
            "className": "Welcome-container",
          },
          "ref": null,
          "rendered": Array [
            Object {
              "instance": null,
              "key": undefined,
              "nodeType": "function",
              "props": Object {},
              "ref": null,
              "rendered": null,
              "type": [Function],
            },
            Object {
              "instance": null,
              "key": undefined,
              "nodeType": "host",
              "props": Object {
                "children": Array [
                  <h5>
                    New? Make an account:
</h5>,
                  <NavLink
                    activeClassName="active"
                    ariaCurrent="true"
                    className="sign-up-link"
                    to="/signup"
>
                    <button
                                        className="sign-up-btn"
                    >
                                        Sign Up
                    </button>
</NavLink>,
                ],
                "className": "welcome-signup",
              },
              "ref": null,
              "rendered": Array [
                Object {
                  "instance": null,
                  "key": undefined,
                  "nodeType": "host",
                  "props": Object {
                    "children": "New? Make an account:",
                  },
                  "ref": null,
                  "rendered": "New? Make an account:",
                  "type": "h5",
                },
                Object {
                  "instance": null,
                  "key": undefined,
                  "nodeType": "function",
                  "props": Object {
                    "activeClassName": "active",
                    "ariaCurrent": "true",
                    "children": <button
                      className="sign-up-btn"
>
                      Sign Up
</button>,
                    "className": "sign-up-link",
                    "to": "/signup",
                  },
                  "ref": null,
                  "rendered": Object {
                    "instance": null,
                    "key": undefined,
                    "nodeType": "host",
                    "props": Object {
                      "children": "Sign Up",
                      "className": "sign-up-btn",
                    },
                    "ref": null,
                    "rendered": "Sign Up",
                    "type": "button",
                  },
                  "type": [Function],
                },
              ],
              "type": "div",
            },
          ],
          "type": "div",
        },
      ],
      "type": "div",
    },
  ],
  Symbol(enzyme.__options__): Object {
    "adapter": ReactSixteenAdapter {
      "options": Object {
        "enableComponentDidUpdateOnSetState": true,
      },
    },
  },
}
`;
