// Jest Snapshot v1, https://goo.gl/fbAQLP

exports[`TEAMMATE should match snapshot 1`] = `
ShallowWrapper {
  "length": 1,
  Symbol(enzyme.__root__): [Circular],
  Symbol(enzyme.__unrendered__): <Unknown />,
  Symbol(enzyme.__renderer__): Object {
    "batchedUpdates": [Function],
    "getNode": [Function],
    "render": [Function],
    "simulateEvent": [Function],
    "unmount": [Function],
  },
  Symbol(enzyme.__node__): Object {
    "instance": null,
    "key": undefined,
    "nodeType": "host",
    "props": Object {
      "children": Array [
        <h4
          className="teammate-name"
/>,
        <ul>
          <li
                    className="teammate-tally"
          >
                    <h6>
                              Workout Tally:
                    </h6>
                    <p />
          </li>
          <li
                    className="teammate-posted"
          >
                    <h6>
                              Workouts Posted:
                    </h6>
                    <p />
          </li>
</ul>,
      ],
      "className": "Teammate",
    },
    "ref": null,
    "rendered": Array [
      Object {
        "instance": null,
        "key": undefined,
        "nodeType": "host",
        "props": Object {
          "children": undefined,
          "className": "teammate-name",
        },
        "ref": null,
        "rendered": null,
        "type": "h4",
      },
      Object {
        "instance": null,
        "key": undefined,
        "nodeType": "host",
        "props": Object {
          "children": Array [
            <li
              className="teammate-tally"
>
              <h6>
                            Workout Tally:
              </h6>
              <p />
</li>,
            <li
              className="teammate-posted"
>
              <h6>
                            Workouts Posted:
              </h6>
              <p />
</li>,
          ],
        },
        "ref": null,
        "rendered": Array [
          Object {
            "instance": null,
            "key": undefined,
            "nodeType": "host",
            "props": Object {
              "children": Array [
                <h6>
                  Workout Tally:
</h6>,
                <p />,
              ],
              "className": "teammate-tally",
            },
            "ref": null,
            "rendered": Array [
              Object {
                "instance": null,
                "key": undefined,
                "nodeType": "host",
                "props": Object {
                  "children": "Workout Tally:",
                },
                "ref": null,
                "rendered": "Workout Tally:",
                "type": "h6",
              },
              Object {
                "instance": null,
                "key": undefined,
                "nodeType": "host",
                "props": Object {
                  "children": undefined,
                },
                "ref": null,
                "rendered": null,
                "type": "p",
              },
            ],
            "type": "li",
          },
          Object {
            "instance": null,
            "key": undefined,
            "nodeType": "host",
            "props": Object {
              "children": Array [
                <h6>
                  Workouts Posted:
</h6>,
                <p />,
              ],
              "className": "teammate-posted",
            },
            "ref": null,
            "rendered": Array [
              Object {
                "instance": null,
                "key": undefined,
                "nodeType": "host",
                "props": Object {
                  "children": "Workouts Posted:",
                },
                "ref": null,
                "rendered": "Workouts Posted:",
                "type": "h6",
              },
              Object {
                "instance": null,
                "key": undefined,
                "nodeType": "host",
                "props": Object {
                  "children": undefined,
                },
                "ref": null,
                "rendered": null,
                "type": "p",
              },
            ],
            "type": "li",
          },
        ],
        "type": "ul",
      },
    ],
    "type": "article",
  },
  Symbol(enzyme.__nodes__): Array [
    Object {
      "instance": null,
      "key": undefined,
      "nodeType": "host",
      "props": Object {
        "children": Array [
          <h4
            className="teammate-name"
/>,
          <ul>
            <li
                        className="teammate-tally"
            >
                        <h6>
                                    Workout Tally:
                        </h6>
                        <p />
            </li>
            <li
                        className="teammate-posted"
            >
                        <h6>
                                    Workouts Posted:
                        </h6>
                        <p />
            </li>
</ul>,
        ],
        "className": "Teammate",
      },
      "ref": null,
      "rendered": Array [
        Object {
          "instance": null,
          "key": undefined,
          "nodeType": "host",
          "props": Object {
            "children": undefined,
            "className": "teammate-name",
          },
          "ref": null,
          "rendered": null,
          "type": "h4",
        },
        Object {
          "instance": null,
          "key": undefined,
          "nodeType": "host",
          "props": Object {
            "children": Array [
              <li
                className="teammate-tally"
>
                <h6>
                                Workout Tally:
                </h6>
                <p />
</li>,
              <li
                className="teammate-posted"
>
                <h6>
                                Workouts Posted:
                </h6>
                <p />
</li>,
            ],
          },
          "ref": null,
          "rendered": Array [
            Object {
              "instance": null,
              "key": undefined,
              "nodeType": "host",
              "props": Object {
                "children": Array [
                  <h6>
                    Workout Tally:
</h6>,
                  <p />,
                ],
                "className": "teammate-tally",
              },
              "ref": null,
              "rendered": Array [
                Object {
                  "instance": null,
                  "key": undefined,
                  "nodeType": "host",
                  "props": Object {
                    "children": "Workout Tally:",
                  },
                  "ref": null,
                  "rendered": "Workout Tally:",
                  "type": "h6",
                },
                Object {
                  "instance": null,
                  "key": undefined,
                  "nodeType": "host",
                  "props": Object {
                    "children": undefined,
                  },
                  "ref": null,
                  "rendered": null,
                  "type": "p",
                },
              ],
              "type": "li",
            },
            Object {
              "instance": null,
              "key": undefined,
              "nodeType": "host",
              "props": Object {
                "children": Array [
                  <h6>
                    Workouts Posted:
</h6>,
                  <p />,
                ],
                "className": "teammate-posted",
              },
              "ref": null,
              "rendered": Array [
                Object {
                  "instance": null,
                  "key": undefined,
                  "nodeType": "host",
                  "props": Object {
                    "children": "Workouts Posted:",
                  },
                  "ref": null,
                  "rendered": "Workouts Posted:",
                  "type": "h6",
                },
                Object {
                  "instance": null,
                  "key": undefined,
                  "nodeType": "host",
                  "props": Object {
                    "children": undefined,
                  },
                  "ref": null,
                  "rendered": null,
                  "type": "p",
                },
              ],
              "type": "li",
            },
          ],
          "type": "ul",
        },
      ],
      "type": "article",
    },
  ],
  Symbol(enzyme.__options__): Object {
    "adapter": ReactSixteenAdapter {
      "options": Object {
        "enableComponentDidUpdateOnSetState": true,
      },
    },
  },
}
`;
