// Jest Snapshot v1, https://goo.gl/fbAQLP

exports[`SIDENAV should match the snapshot 1`] = `
ShallowWrapper {
  "length": 1,
  Symbol(enzyme.__root__): [Circular],
  Symbol(enzyme.__unrendered__): <SideNav
    user={
        Object {
            "image": "www.someimage.com",
          }
    }
/>,
  Symbol(enzyme.__renderer__): Object {
    "batchedUpdates": [Function],
    "getNode": [Function],
    "render": [Function],
    "simulateEvent": [Function],
    "unmount": [Function],
  },
  Symbol(enzyme.__node__): Object {
    "instance": null,
    "key": undefined,
    "nodeType": "host",
    "props": Object {
      "children": Array [
        <div
          className="user-profile"
>
          <img
                    alt="User profile"
                    className="user-pic"
                    src="www.someimage.com"
          />
          <h4
                    className="user-name"
          />
</div>,
        <div
          className="sidenav-btns"
>
          <NavLink
                    activeClassName="active"
                    ariaCurrent="true"
                    to="/login"
          >
                    <button
                              className="sidenav-btn"
                              onClick={undefined}
                    >
                              <FontAwesomeIcon$1
                                        border={false}
                                        className=""
                                        fixedWidth={false}
                                        flip={null}
                                        icon={
                                                  Object {
                                                            "icon": Array [
                                                              512,
                                                              512,
                                                              Array [],
                                                              "f2f5",
                                                              "M497 273L329 441c-15 15-41 4.5-41-17v-96H152c-13.3 0-24-10.7-24-24v-96c0-13.3 10.7-24 24-24h136V88c0-21.4 25.9-32 41-17l168 168c9.3 9.4 9.3 24.6 0 34zM192 436v-40c0-6.6-5.4-12-12-12H96c-17.7 0-32-14.3-32-32V160c0-17.7 14.3-32 32-32h84c6.6 0 12-5.4 12-12V76c0-6.6-5.4-12-12-12H96c-53 0-96 43-96 96v192c0 53 43 96 96 96h84c6.6 0 12-5.4 12-12z",
                                                            ],
                                                            "iconName": "sign-out-alt",
                                                            "prefix": "fas",
                                                          }
                                        }
                                        listItem={false}
                                        mask={null}
                                        name=""
                                        pull={null}
                                        pulse={false}
                                        rotation={null}
                                        size="2x"
                                        spin={false}
                                        symbol={false}
                                        transform={null}
                              />
                              Logout
                    </button>
          </NavLink>
</div>,
      ],
      "className": "SideNav",
    },
    "ref": null,
    "rendered": Array [
      Object {
        "instance": null,
        "key": undefined,
        "nodeType": "host",
        "props": Object {
          "children": Array [
            <img
              alt="User profile"
              className="user-pic"
              src="www.someimage.com"
/>,
            <h4
              className="user-name"
/>,
          ],
          "className": "user-profile",
        },
        "ref": null,
        "rendered": Array [
          Object {
            "instance": null,
            "key": undefined,
            "nodeType": "host",
            "props": Object {
              "alt": "User profile",
              "className": "user-pic",
              "src": "www.someimage.com",
            },
            "ref": null,
            "rendered": null,
            "type": "img",
          },
          Object {
            "instance": null,
            "key": undefined,
            "nodeType": "host",
            "props": Object {
              "children": undefined,
              "className": "user-name",
            },
            "ref": null,
            "rendered": null,
            "type": "h4",
          },
        ],
        "type": "div",
      },
      Object {
        "instance": null,
        "key": undefined,
        "nodeType": "host",
        "props": Object {
          "children": <NavLink
            activeClassName="active"
            ariaCurrent="true"
            to="/login"
>
            <button
                        className="sidenav-btn"
                        onClick={undefined}
            >
                        <FontAwesomeIcon$1
                                    border={false}
                                    className=""
                                    fixedWidth={false}
                                    flip={null}
                                    icon={
                                                Object {
                                                            "icon": Array [
                                                              512,
                                                              512,
                                                              Array [],
                                                              "f2f5",
                                                              "M497 273L329 441c-15 15-41 4.5-41-17v-96H152c-13.3 0-24-10.7-24-24v-96c0-13.3 10.7-24 24-24h136V88c0-21.4 25.9-32 41-17l168 168c9.3 9.4 9.3 24.6 0 34zM192 436v-40c0-6.6-5.4-12-12-12H96c-17.7 0-32-14.3-32-32V160c0-17.7 14.3-32 32-32h84c6.6 0 12-5.4 12-12V76c0-6.6-5.4-12-12-12H96c-53 0-96 43-96 96v192c0 53 43 96 96 96h84c6.6 0 12-5.4 12-12z",
                                                            ],
                                                            "iconName": "sign-out-alt",
                                                            "prefix": "fas",
                                                          }
                                    }
                                    listItem={false}
                                    mask={null}
                                    name=""
                                    pull={null}
                                    pulse={false}
                                    rotation={null}
                                    size="2x"
                                    spin={false}
                                    symbol={false}
                                    transform={null}
                        />
                        Logout
            </button>
</NavLink>,
          "className": "sidenav-btns",
        },
        "ref": null,
        "rendered": Object {
          "instance": null,
          "key": undefined,
          "nodeType": "function",
          "props": Object {
            "activeClassName": "active",
            "ariaCurrent": "true",
            "children": <button
              className="sidenav-btn"
              onClick={undefined}
>
              <FontAwesomeIcon$1
                            border={false}
                            className=""
                            fixedWidth={false}
                            flip={null}
                            icon={
                                          Object {
                                                        "icon": Array [
                                                          512,
                                                          512,
                                                          Array [],
                                                          "f2f5",
                                                          "M497 273L329 441c-15 15-41 4.5-41-17v-96H152c-13.3 0-24-10.7-24-24v-96c0-13.3 10.7-24 24-24h136V88c0-21.4 25.9-32 41-17l168 168c9.3 9.4 9.3 24.6 0 34zM192 436v-40c0-6.6-5.4-12-12-12H96c-17.7 0-32-14.3-32-32V160c0-17.7 14.3-32 32-32h84c6.6 0 12-5.4 12-12V76c0-6.6-5.4-12-12-12H96c-53 0-96 43-96 96v192c0 53 43 96 96 96h84c6.6 0 12-5.4 12-12z",
                                                        ],
                                                        "iconName": "sign-out-alt",
                                                        "prefix": "fas",
                                                      }
                            }
                            listItem={false}
                            mask={null}
                            name=""
                            pull={null}
                            pulse={false}
                            rotation={null}
                            size="2x"
                            spin={false}
                            symbol={false}
                            transform={null}
              />
              Logout
</button>,
            "to": "/login",
          },
          "ref": null,
          "rendered": Object {
            "instance": null,
            "key": undefined,
            "nodeType": "host",
            "props": Object {
              "children": Array [
                <FontAwesomeIcon$1
                  border={false}
                  className=""
                  fixedWidth={false}
                  flip={null}
                  icon={
                                    Object {
                                                      "icon": Array [
                                                        512,
                                                        512,
                                                        Array [],
                                                        "f2f5",
                                                        "M497 273L329 441c-15 15-41 4.5-41-17v-96H152c-13.3 0-24-10.7-24-24v-96c0-13.3 10.7-24 24-24h136V88c0-21.4 25.9-32 41-17l168 168c9.3 9.4 9.3 24.6 0 34zM192 436v-40c0-6.6-5.4-12-12-12H96c-17.7 0-32-14.3-32-32V160c0-17.7 14.3-32 32-32h84c6.6 0 12-5.4 12-12V76c0-6.6-5.4-12-12-12H96c-53 0-96 43-96 96v192c0 53 43 96 96 96h84c6.6 0 12-5.4 12-12z",
                                                      ],
                                                      "iconName": "sign-out-alt",
                                                      "prefix": "fas",
                                                    }
                  }
                  listItem={false}
                  mask={null}
                  name=""
                  pull={null}
                  pulse={false}
                  rotation={null}
                  size="2x"
                  spin={false}
                  symbol={false}
                  transform={null}
/>,
                "Logout",
              ],
              "className": "sidenav-btn",
              "onClick": undefined,
            },
            "ref": null,
            "rendered": Array [
              Object {
                "instance": null,
                "key": undefined,
                "nodeType": "function",
                "props": Object {
                  "border": false,
                  "className": "",
                  "fixedWidth": false,
                  "flip": null,
                  "icon": Object {
                    "icon": Array [
                      512,
                      512,
                      Array [],
                      "f2f5",
                      "M497 273L329 441c-15 15-41 4.5-41-17v-96H152c-13.3 0-24-10.7-24-24v-96c0-13.3 10.7-24 24-24h136V88c0-21.4 25.9-32 41-17l168 168c9.3 9.4 9.3 24.6 0 34zM192 436v-40c0-6.6-5.4-12-12-12H96c-17.7 0-32-14.3-32-32V160c0-17.7 14.3-32 32-32h84c6.6 0 12-5.4 12-12V76c0-6.6-5.4-12-12-12H96c-53 0-96 43-96 96v192c0 53 43 96 96 96h84c6.6 0 12-5.4 12-12z",
                    ],
                    "iconName": "sign-out-alt",
                    "prefix": "fas",
                  },
                  "listItem": false,
                  "mask": null,
                  "name": "",
                  "pull": null,
                  "pulse": false,
                  "rotation": null,
                  "size": "2x",
                  "spin": false,
                  "symbol": false,
                  "transform": null,
                },
                "ref": null,
                "rendered": null,
                "type": [Function],
              },
              "Logout",
            ],
            "type": "button",
          },
          "type": [Function],
        },
        "type": "div",
      },
    ],
    "type": "section",
  },
  Symbol(enzyme.__nodes__): Array [
    Object {
      "instance": null,
      "key": undefined,
      "nodeType": "host",
      "props": Object {
        "children": Array [
          <div
            className="user-profile"
>
            <img
                        alt="User profile"
                        className="user-pic"
                        src="www.someimage.com"
            />
            <h4
                        className="user-name"
            />
</div>,
          <div
            className="sidenav-btns"
>
            <NavLink
                        activeClassName="active"
                        ariaCurrent="true"
                        to="/login"
            >
                        <button
                                    className="sidenav-btn"
                                    onClick={undefined}
                        >
                                    <FontAwesomeIcon$1
                                                border={false}
                                                className=""
                                                fixedWidth={false}
                                                flip={null}
                                                icon={
                                                            Object {
                                                                        "icon": Array [
                                                                          512,
                                                                          512,
                                                                          Array [],
                                                                          "f2f5",
                                                                          "M497 273L329 441c-15 15-41 4.5-41-17v-96H152c-13.3 0-24-10.7-24-24v-96c0-13.3 10.7-24 24-24h136V88c0-21.4 25.9-32 41-17l168 168c9.3 9.4 9.3 24.6 0 34zM192 436v-40c0-6.6-5.4-12-12-12H96c-17.7 0-32-14.3-32-32V160c0-17.7 14.3-32 32-32h84c6.6 0 12-5.4 12-12V76c0-6.6-5.4-12-12-12H96c-53 0-96 43-96 96v192c0 53 43 96 96 96h84c6.6 0 12-5.4 12-12z",
                                                                        ],
                                                                        "iconName": "sign-out-alt",
                                                                        "prefix": "fas",
                                                                      }
                                                }
                                                listItem={false}
                                                mask={null}
                                                name=""
                                                pull={null}
                                                pulse={false}
                                                rotation={null}
                                                size="2x"
                                                spin={false}
                                                symbol={false}
                                                transform={null}
                                    />
                                    Logout
                        </button>
            </NavLink>
</div>,
        ],
        "className": "SideNav",
      },
      "ref": null,
      "rendered": Array [
        Object {
          "instance": null,
          "key": undefined,
          "nodeType": "host",
          "props": Object {
            "children": Array [
              <img
                alt="User profile"
                className="user-pic"
                src="www.someimage.com"
/>,
              <h4
                className="user-name"
/>,
            ],
            "className": "user-profile",
          },
          "ref": null,
          "rendered": Array [
            Object {
              "instance": null,
              "key": undefined,
              "nodeType": "host",
              "props": Object {
                "alt": "User profile",
                "className": "user-pic",
                "src": "www.someimage.com",
              },
              "ref": null,
              "rendered": null,
              "type": "img",
            },
            Object {
              "instance": null,
              "key": undefined,
              "nodeType": "host",
              "props": Object {
                "children": undefined,
                "className": "user-name",
              },
              "ref": null,
              "rendered": null,
              "type": "h4",
            },
          ],
          "type": "div",
        },
        Object {
          "instance": null,
          "key": undefined,
          "nodeType": "host",
          "props": Object {
            "children": <NavLink
              activeClassName="active"
              ariaCurrent="true"
              to="/login"
>
              <button
                            className="sidenav-btn"
                            onClick={undefined}
              >
                            <FontAwesomeIcon$1
                                          border={false}
                                          className=""
                                          fixedWidth={false}
                                          flip={null}
                                          icon={
                                                        Object {
                                                                      "icon": Array [
                                                                        512,
                                                                        512,
                                                                        Array [],
                                                                        "f2f5",
                                                                        "M497 273L329 441c-15 15-41 4.5-41-17v-96H152c-13.3 0-24-10.7-24-24v-96c0-13.3 10.7-24 24-24h136V88c0-21.4 25.9-32 41-17l168 168c9.3 9.4 9.3 24.6 0 34zM192 436v-40c0-6.6-5.4-12-12-12H96c-17.7 0-32-14.3-32-32V160c0-17.7 14.3-32 32-32h84c6.6 0 12-5.4 12-12V76c0-6.6-5.4-12-12-12H96c-53 0-96 43-96 96v192c0 53 43 96 96 96h84c6.6 0 12-5.4 12-12z",
                                                                      ],
                                                                      "iconName": "sign-out-alt",
                                                                      "prefix": "fas",
                                                                    }
                                          }
                                          listItem={false}
                                          mask={null}
                                          name=""
                                          pull={null}
                                          pulse={false}
                                          rotation={null}
                                          size="2x"
                                          spin={false}
                                          symbol={false}
                                          transform={null}
                            />
                            Logout
              </button>
</NavLink>,
            "className": "sidenav-btns",
          },
          "ref": null,
          "rendered": Object {
            "instance": null,
            "key": undefined,
            "nodeType": "function",
            "props": Object {
              "activeClassName": "active",
              "ariaCurrent": "true",
              "children": <button
                className="sidenav-btn"
                onClick={undefined}
>
                <FontAwesomeIcon$1
                                border={false}
                                className=""
                                fixedWidth={false}
                                flip={null}
                                icon={
                                                Object {
                                                                "icon": Array [
                                                                  512,
                                                                  512,
                                                                  Array [],
                                                                  "f2f5",
                                                                  "M497 273L329 441c-15 15-41 4.5-41-17v-96H152c-13.3 0-24-10.7-24-24v-96c0-13.3 10.7-24 24-24h136V88c0-21.4 25.9-32 41-17l168 168c9.3 9.4 9.3 24.6 0 34zM192 436v-40c0-6.6-5.4-12-12-12H96c-17.7 0-32-14.3-32-32V160c0-17.7 14.3-32 32-32h84c6.6 0 12-5.4 12-12V76c0-6.6-5.4-12-12-12H96c-53 0-96 43-96 96v192c0 53 43 96 96 96h84c6.6 0 12-5.4 12-12z",
                                                                ],
                                                                "iconName": "sign-out-alt",
                                                                "prefix": "fas",
                                                              }
                                }
                                listItem={false}
                                mask={null}
                                name=""
                                pull={null}
                                pulse={false}
                                rotation={null}
                                size="2x"
                                spin={false}
                                symbol={false}
                                transform={null}
                />
                Logout
</button>,
              "to": "/login",
            },
            "ref": null,
            "rendered": Object {
              "instance": null,
              "key": undefined,
              "nodeType": "host",
              "props": Object {
                "children": Array [
                  <FontAwesomeIcon$1
                    border={false}
                    className=""
                    fixedWidth={false}
                    flip={null}
                    icon={
                                        Object {
                                                            "icon": Array [
                                                              512,
                                                              512,
                                                              Array [],
                                                              "f2f5",
                                                              "M497 273L329 441c-15 15-41 4.5-41-17v-96H152c-13.3 0-24-10.7-24-24v-96c0-13.3 10.7-24 24-24h136V88c0-21.4 25.9-32 41-17l168 168c9.3 9.4 9.3 24.6 0 34zM192 436v-40c0-6.6-5.4-12-12-12H96c-17.7 0-32-14.3-32-32V160c0-17.7 14.3-32 32-32h84c6.6 0 12-5.4 12-12V76c0-6.6-5.4-12-12-12H96c-53 0-96 43-96 96v192c0 53 43 96 96 96h84c6.6 0 12-5.4 12-12z",
                                                            ],
                                                            "iconName": "sign-out-alt",
                                                            "prefix": "fas",
                                                          }
                    }
                    listItem={false}
                    mask={null}
                    name=""
                    pull={null}
                    pulse={false}
                    rotation={null}
                    size="2x"
                    spin={false}
                    symbol={false}
                    transform={null}
/>,
                  "Logout",
                ],
                "className": "sidenav-btn",
                "onClick": undefined,
              },
              "ref": null,
              "rendered": Array [
                Object {
                  "instance": null,
                  "key": undefined,
                  "nodeType": "function",
                  "props": Object {
                    "border": false,
                    "className": "",
                    "fixedWidth": false,
                    "flip": null,
                    "icon": Object {
                      "icon": Array [
                        512,
                        512,
                        Array [],
                        "f2f5",
                        "M497 273L329 441c-15 15-41 4.5-41-17v-96H152c-13.3 0-24-10.7-24-24v-96c0-13.3 10.7-24 24-24h136V88c0-21.4 25.9-32 41-17l168 168c9.3 9.4 9.3 24.6 0 34zM192 436v-40c0-6.6-5.4-12-12-12H96c-17.7 0-32-14.3-32-32V160c0-17.7 14.3-32 32-32h84c6.6 0 12-5.4 12-12V76c0-6.6-5.4-12-12-12H96c-53 0-96 43-96 96v192c0 53 43 96 96 96h84c6.6 0 12-5.4 12-12z",
                      ],
                      "iconName": "sign-out-alt",
                      "prefix": "fas",
                    },
                    "listItem": false,
                    "mask": null,
                    "name": "",
                    "pull": null,
                    "pulse": false,
                    "rotation": null,
                    "size": "2x",
                    "spin": false,
                    "symbol": false,
                    "transform": null,
                  },
                  "ref": null,
                  "rendered": null,
                  "type": [Function],
                },
                "Logout",
              ],
              "type": "button",
            },
            "type": [Function],
          },
          "type": "div",
        },
      ],
      "type": "section",
    },
  ],
  Symbol(enzyme.__options__): Object {
    "adapter": ReactSixteenAdapter {
      "options": Object {
        "enableComponentDidUpdateOnSetState": true,
      },
    },
  },
}
`;
