// Jest Snapshot v1, https://goo.gl/fbAQLP

exports[`WORKOUT HISTORY should match snapshot 1`] = `undefined`;
